C51 COMPILER V9.60.0.0   MAIN                                                              12/25/2022 22:24:49 PAGE 1   


C51 COMPILER V9.60.0.0, COMPILATION OF MODULE MAIN
OBJECT MODULE PLACED IN .\Objects\main.obj
COMPILER INVOKED BY: F:\Applications\KeilV5\C51\BIN\C51.EXE main.c LARGE OPTIMIZE(8,SPEED) BROWSE DEBUG OBJECTEXTEND PRI
                    -NT(.\Listings\main.lst) TABS(2) OBJECT(.\Objects\main.obj)

line level    source

   1          #include "LCD1602.h"
   2          
   3          void DelayXms(int x)    //@12.000MHz
   4          {
   5   1        while(x--)
   6   1        {unsigned char i, j;
   7   2      
   8   2        i = 2;
   9   2        j = 239;
  10   2        do
  11   2        {
  12   3          while (--j);
  13   3        } while (--i);}
  14   1      }
  15          
  16          int main()
  17          {
  18   1        int i=0;
  19   1        uchar sayings[5][33]={"GenshinImpact isa GREAT GAME!",
  20   1                    "Good morning,SirHave a nice day!",//正好32字符
  21   1                    "Hamood?Hamood!  HamoodHabibi!",
  22   1                    "IfYou areReadingthis",
  23   1                    "You are in      TROUBLE!!!!",
  24   1                              };
  25   1        
  26   1        LCD_init();
  27   1        
  28   1        LCD_disp_number(2,10,-100);
  29   1        LCD_disp_number(1,15,-28);
  30   1        while(1)
  31   1        {
  32   2          // LCD_clear();
  33   2          // LCD_disp_string(1,0,sayings[i]);
  34   2          // DelayXms(1500);
  35   2          // i++;
  36   2          // if(i>4) i=0;
  37   2        }
  38   1      }


MODULE INFORMATION:   STATIC OVERLAYABLE
   CODE SIZE        =     91    ----
   CONSTANT SIZE    =    165    ----
   XDATA SIZE       =   ----     169
   PDATA SIZE       =   ----    ----
   DATA SIZE        =   ----    ----
   IDATA SIZE       =   ----    ----
   BIT SIZE         =   ----    ----
END OF MODULE INFORMATION.


C51 COMPILATION COMPLETE.  0 WARNING(S),  0 ERROR(S)
